2022 창의적 과학 실험설계 특강_학생용(유준형화학연구소).pdf|2022
2022 창의적 과학 실험설계 특강_학생용(유준형화학연구소).pdf|2183
2022학년도 영재학교 물리 기출.pdf|2246
7 유전 답_220225_213346.pdf|2304
2022|2466
인천영재고 2022.png|2467
경기과학고 2022|2468
광주과학고 2022|2478
대구과학고 2022|2485
세종영재고 2022|2507
2022|2621
인천영재고 2022.png|2622
경기과학고 2022|2623
광주과학고 2022|2641
대구과학고 2022|2648
대전과학고 2022|2669
세종영재고 2022|2674
2022|2796
경기과학고 2022|2797
광주과학고 2022|2801
대구과학고 2022|2812
대전과학고 2022|2821
서울과학고 2022|2836
세종영재고 2022|2846
한국영재고 2022|2854
사회 수행평가 2022-06-04 계획.pptx|2950
사회 수행평가 2022-06-04.docx|2951
2022 창의적 과학 실험설계 특강_학생용(유준형화학연구소).pdf|3022
2022 업그레이드 수리논술 (해설).pdf|3783
2022 업그레이드 수리논술.pdf|3784
Ubuntu-logo-2022.svg.png|6079
Ubuntu-logo-2022.svg|6093
Ubuntu-logo-2022.png|6106
2022 짱어려운 수학 확률과 통계 (학생용).pdf|6265
10. 2022_2022_주민등록인구기타현황(지역별 아동,청소년,청년 인구현황)_연간.csv|7262
14-1. 2022년 전국고등학교 주소, 전화번호.xlsx|7266
14-2. 2022년 전국중학교 주소, 전화번호.xlsx|7267
14-3. 2022년 전국초등학교 주소, 전화번호.xlsx|7268
6. 시도_사망원인_104항목__성_연령_5세_별__사망자수__사망률_2022__20251118084659.xlsx|7276
8. 보건복지부 국립정신건강센터_정신건강 관련기관 정보_20220301 (1).csv|7278
PKG-INFO|12022
uz.dat|20220
uz_Arab.dat|20221
uz_Arab_AF.dat|20222
uz_Cyrl.dat|20223
uz_Cyrl_UZ.dat|20224
uz_Latn.dat|20225
uz_Latn_UZ.dat|20226
vai.dat|20227
vai_Latn.dat|20228
vai_Latn_LR.dat|20229
entry_points.txt|22022
libnpymath.a|32022
Zurich|42022
2022 CHRONOX|45509
(압축) 2022 크로녹스 지구과학Ⅰ (상).pdf|45510
(압축) 2022 크로녹스 지구과학Ⅰ (중).pdf|45511
(압축) 2022 크로녹스 지구과학Ⅰ (하).pdf|45512
2022 크로녹스 지구과학Ⅰ (상).pdf|45513
2022 크로녹스 지구과학Ⅰ (중).pdf|45514
2022 크로녹스 지구과학Ⅰ (하).pdf|45515
2022 폴라리스 지구과학Ⅰ 모의평가 1~3회.pdf|45538
2022|45686
2022 샤인미 미적분 N제 (문제 및 해설).pdf|45687
2022 샤인미 수학Ⅰ + 수학Ⅱ N제 (문제 및 해설).pdf|45688
2022|45716
2022 설맞이 N제 (문제 및 해설).pdf|45717
2022 설맞이 모의고사 1 ~ 4회 (문제 및 해설).pdf|45718
2022 짱어려운 수학 미적분 (학생용).pdf|45784
2022 짱어려운 수학 미적분 (해설).pdf|45785
2022 짱어려운 수학 수학Ⅰ (학생용).pdf|45786
2022 짱어려운 수학 수학Ⅰ (해설).pdf|45787
2022 짱어려운 수학 수학Ⅱ (학생용).pdf|45788
2022 짱어려운 수학 수학Ⅱ (해설).pdf|45789
2022 짱어려운 수학 확률과 통계 (해설).pdf|45790
2022|45940
2022 정승현 전공물리 기출문제집.pdf|45941
(압축) 2022 MAestro 통합과학 (우마리아).pdf|46055
2022 MAestro 통합과학 (우마리아).pdf|46057
bordd2meges.dds|52022
431-Inland_Road_2022.dds|59006
432-Inland_Road_R_2022.dds|59019
435-Rally-Diepflingen-2022|59070
LICENSE-Diepflingen_2022-1.0.txt|59071
435-Rally-Diepflingen-2022.dds|59077
453-Rally-Diepflingen-2022-Reverse|59333
LICENSE-Diepflingen_2022 II-1.0.txt|59334
453-Rally-Diepflingen-2022_II.dds|59340
470-Narva-Kreenholmi-Rahvasprint-2022|59648
470-Narva-Kreenholmi-Rahvasprint-2022.dds|59656
BMW_M1|62022
rpmneedle2.png|72022
pacenotes1_Kaihuavaara_20km_N4_BTBfin_2022-02-02.ini|74499
pacenotes2_Kaihuavaara2021_TeamSumppu_2022-02-02.ini|74500
2022 ReadMe first KAIHUAVAARA PDF.pdf|74504
pacenotes1_PIRTTIKULMA_snow_7km_BTBfin_2022-01-07.ini|75684
pacenotes2_PirttikulmaSNOW_TeamSumppu_2022-02-02.ini|75685
Kaihuavaara 2022|75691
Kaihuavaara_2022_snow_menu.jpg|75711
pacenotes2_Kaihuavaara_BTBfin_N4_2022-01-24.ini|75719
2022 ReadMe first KAIHUAVAARA PDF.pdf|75723
race.race.json|82022
topBar|92022
p_rendeble_farmfence_02_destruct_pt2.rend|102022
obj_decor_windowblinds.rend|112022
obj_industrial_powergeneratorside_80A31587053D910B.mco|120220
obj_industrial_beamlong_31BD37953BBE8CB8.mco|120221
obj_industrial_encryptstandpillar_20F426C519B9F178.mco|120222
obj_industrial_powergenerator2_6BDEF4672C5D8129.mco|120223
obj_industrial_beamlong_5D0F82BBBD054040.mco|120224
obj_interactive_button_off_EBDB855A931895EC.mco|120225
obj_industrial_rooftankslicetop_92AC69F869D84F54.mco|120226
obj_harvests_trees_leafy03_p07_16646B0F49F40B0E.mco|120227
obj_industrial_satellite01_6BE9207049F2C90F.mco|120228
obj_industrial_rooftankslicetop_68CACCD28FC5560A.mco|120229
forward_particles_PS_A571464E539A8604.sco|122022
StadiumCarPilotDirty.dds|132022
Installer|142022
ISO-2022-CN-EXT.so|148583
ISO-2022-CN.so|148584
ISO-2022-JP-3.so|148585
ISO-2022-JP.so|148586
ISO-2022-KR.so|148587
iso2022_jp.cpython-39.pyc|149763
iso2022_jp_1.cpython-39.pyc|149764
iso2022_jp_2.cpython-39.pyc|149765
iso2022_jp_2004.cpython-39.pyc|149766
iso2022_jp_3.cpython-39.pyc|149767
iso2022_jp_ext.cpython-39.pyc|149768
iso2022_kr.cpython-39.pyc|149769
iso2022_jp.py|149884
iso2022_jp_1.py|149885
iso2022_jp_2.py|149886
iso2022_jp_2004.py|149887
iso2022_jp_3.py|149888
iso2022_jp_ext.py|149889
iso2022_kr.py|149890
_codecs_iso2022.cpython-39-x86_64-linux-gnu.so|150029
ISO-2022-CN-EXT.so|151208
ISO-2022-CN.so|151209
ISO-2022-JP-3.so|151210
ISO-2022-JP.so|151211
ISO-2022-KR.so|151212
pam_group.so|152022
ISO-2022-CN-EXT.so|159705
ISO-2022-CN.so|159706
ISO-2022-JP-3.so|159707
ISO-2022-JP.so|159708
ISO-2022-KR.so|159709
iso2022_jp.py|160398
iso2022_jp_1.py|160399
iso2022_jp_2.py|160400
iso2022_jp_2004.py|160401
iso2022_jp_3.py|160402
iso2022_jp_ext.py|160403
iso2022_kr.py|160404
_codecs_iso2022.cpython-39-x86_64-linux-gnu.so|160502
ISO-2022-CN-EXT.so|161591
ISO-2022-CN.so|161592
ISO-2022-JP-3.so|161593
ISO-2022-JP.so|161594
ISO-2022-KR.so|161595
libicuio.so.67.1|162022
ISO-2022-CN-EXT.so|168727
ISO-2022-CN.so|168728
ISO-2022-JP-3.so|168729
ISO-2022-JP.so|168730
ISO-2022-KR.so|168731
iso2022_jp.cpython-37.pyc|169919
iso2022_jp_1.cpython-37.pyc|169920
iso2022_jp_2.cpython-37.pyc|169921
iso2022_jp_2004.cpython-37.pyc|169922
iso2022_jp_3.cpython-37.pyc|169923
iso2022_jp_ext.cpython-37.pyc|169924
iso2022_kr.cpython-37.pyc|169925
iso2022_jp.py|170043
iso2022_jp_1.py|170044
iso2022_jp_2.py|170045
iso2022_jp_2004.py|170046
iso2022_jp_3.py|170047
iso2022_jp_ext.py|170048
iso2022_kr.py|170049
_codecs_iso2022.cpython-37m-x86_64-linux-gnu.so|170185
ISO-2022-CN-EXT.so|171307
ISO-2022-CN.so|171308
ISO-2022-JP-3.so|171309
ISO-2022-JP.so|171310
ISO-2022-KR.so|171311
pam_filter.so|172022
ISO-2022-CN-EXT.so|180339
ISO-2022-CN.so|180340
ISO-2022-JP-3.so|180341
ISO-2022-JP.so|180342
ISO-2022-KR.so|180343
iso2022_jp.py|181053
iso2022_jp_1.py|181054
iso2022_jp_2.py|181055
iso2022_jp_2004.py|181056
iso2022_jp_3.py|181057
iso2022_jp_ext.py|181058
iso2022_kr.py|181059
_codecs_iso2022.cpython-37m-x86_64-linux-gnu.so|181157
BIG5HKSCS.so|182022
ISO-2022-CN-EXT.so|182204
ISO-2022-CN.so|182205
ISO-2022-JP-3.so|182206
ISO-2022-JP.so|182207
ISO-2022-KR.so|182208
apps|192022
threadpoolwinrt.dll|202022
xaudio2_6.dll|202200
xaudio2_7.dll|202201
xaudio2_8.dll|202202
xaudio2_9.dll|202203
xcopy.exe|202204
xinput1_1.dll|202205
xinput1_2.dll|202206
xinput1_3.dll|202207
xinput1_4.dll|202208
xinput9_1_0.dll|202209
xinputuap.dll|202210
xmllite.dll|202211
xolehlp.dll|202212
xpsprint.dll|202213
xpssvcs.dll|202214
openvr_api_dxvk.dll|202215
d3d8.dll|202216
d3d11.dll|202217
d3d10core.dll|202218
d3d9.dll|202219
dxgi.dll|202220
d3d12.dll|202221
d3d12core.dll|202222
icuin68.dll|202223
icuuc68.dll|202224
icudt68.dll|202225
nvapi64.dll|202226
nvofapi64.dll|202227
_nvngx.dll|202228
nvngx.dll|202229
system.ini|202230
syswow64|202231
acledit.dll|202232
aclui.dll|202233
activeds.dll|202234
activeds.tlb|202235
actxprxy.dll|202236
adsldpc.dll|202237
adsldp.dll|202238
advapi32.dll|202239
advpack.dll|202240
amdxc64.dll|202241
amsi.dll|202242
amstream.dll|202243
apisetschema.dll|202244
apphelp.dll|202245
appwiz.cpl|202246
appxdeploymentclient.dll|202247
arp.exe|202248
atiadlxx.dll|202249
atl100.dll|202250
atl110.dll|202251
atl80.dll|202252
atl90.dll|202253
atl.dll|202254
atlthunk.dll|202255
atmlib.dll|202256
attrib.exe|202257
audioses.dll|202258
authz.dll|202259
avicap32.dll|202260
avifil32.dll|202261
avifile.dll|202262
avrt.dll|202263
bcp47langs.dll|202264
bcrypt.dll|202265
bcryptprimitives.dll|202266
belauncher.exe|202267
bluetoothapis.dll|202268
browseui.dll|202269
bthprops.cpl|202270
c_037.nls|202271
c_10000.nls|202272
c_10001.nls|202273
c_10002.nls|202274
c_10003.nls|202275
c_10004.nls|202276
c_10005.nls|202277
c_10006.nls|202278
c_10007.nls|202279
c_10008.nls|202280
c_10010.nls|202281
c_10017.nls|202282
c_10021.nls|202283
c_10029.nls|202284
c_10079.nls|202285
c_10081.nls|202286
c_10082.nls|202287
c_1026.nls|202288
c_1250.nls|202289
c_1251.nls|202290
c_1252.nls|202291
c_1253.nls|202292
c_1254.nls|202293
c_1255.nls|202294
c_1256.nls|202295
c_1257.nls|202296
c_1258.nls|202297
c_1361.nls|202298
c_20127.nls|202299
retouch_2022090722061862.png|210233
obj_wheat_can_nor_1B0AFDD137E1BBF6.tco|212022
12022.jpg|218626
13989.jpg|220220
14058.jpg|220221
13960.jpg|220222
14011.jpg|220223
1400.jpg|220224
14014.jpg|220225
14045.jpg|220226
14012.jpg|220227
1414.jpg|220228
14072.jpg|220229
2022.jpg|221687
2584.jpg|222022
obj_interactive_ballspawnside_on.fbx|232022
86dc2de182235f7878b382022f5145b7154455|240647
kin_golf_duckyhead_platform.fbx|242022
2022198450|250667
111851b1-4a6d-4785-8e52-152e067e9ad0.png|252022
Screenshot_20220611-180401_YouTube.jpg|256055
20220211_100825_006.jpg|256057
20220211_100825_007.jpg|256058
20220211_100825_008.jpg|256059
20220211_100825_009.jpg|256060
20220211_100825_010.jpg|256061
20220211_100825_011.jpg|256062
20220211_100825_012.jpg|256063
20220211_100825_013.jpg|256064
20220211_100825_014.jpg|256065
20220211_100825_015.jpg|256066
20220211_100825_016.jpg|256067
20220211_100825_017.jpg|256068
20220211_100825_018.jpg|256069
20220211_100825_019.jpg|256070
20220211_100825_020.jpg|256071
20220211_100825_021.jpg|256072
20220211_100825_022.jpg|256073
20220211_100825_023.jpg|256074
20220211_100825_024.jpg|256075
20220211_100825_025.jpg|256076
20220211_100825_026.jpg|256077
20220211_100825_027.jpg|256078
20220211_100825_028.jpg|256079
20220211_100825_029.jpg|256080
20220211_100825_030.jpg|256081
20220211_100938_001.jpg|256082
20220211_100938_002.jpg|256083
20220211_100938_003.jpg|256084
20220211_100938_004.jpg|256085
20220211_100938_005.jpg|256086
20220211_100938_006.jpg|256087
20220211_100938_007.jpg|256088
20220211_100938_008.jpg|256089
20220211_100938_009.jpg|256090
20220211_100938_010.jpg|256091
20220211_100938_011.jpg|256092
20220211_100938_012.jpg|256093
20220211_100938_013.jpg|256094
20220211_100938_014.jpg|256095
20220211_100938_015.jpg|256096
20220211_100938_016.jpg|256097
20220211_100938_017.jpg|256098
20220211_100938_018.jpg|256099
20220211_100938_019.jpg|256100
20220211_100938_020.jpg|256101
20220211_100938_021.jpg|256102
20220211_100938_022.jpg|256103
20220211_100938_023.jpg|256104
20220211_100938_024.jpg|256105
20220211_100945_001.jpg|256106
20220211_100945_002.jpg|256107
20220211_100945_003.jpg|256108
20220211_100945_004.jpg|256109
20220211_100945_005.jpg|256110
20220211_100945_006.jpg|256111
20220211_100945_007.jpg|256112
20220211_100945_008.jpg|256113
20220211_100945_009.jpg|256114
20220211_100945_010.jpg|256115
20220211_100945_011.jpg|256116
20220211_100945_012.jpg|256117
20220211_100945_013.jpg|256118
20220211_100945_014.jpg|256119
20220211_100945_015.jpg|256120
20220211_100945_016.jpg|256121
20220211_100945_017.jpg|256122
20220211_100945_018.jpg|256123
20220211_100945_019.jpg|256124
20220211_100945_020.jpg|256125
20220211_100945_021.jpg|256126
20220211_100945_022.jpg|256127
20220211_100945_023.jpg|256128
20220211_100945_024.jpg|256129
20220211_100945_025.jpg|256130
20220211_100945_026.jpg|256131
20220211_100945_027.jpg|256132
20220211_100945_028.jpg|256133
20220211_100945_029.jpg|256134
20220211_100945_030.jpg|256135
20220211_100953_001.jpg|256136
20220211_100953_002.jpg|256137
20220211_100953_003.jpg|256138
20220211_100953_004.jpg|256139
20220211_100953_005.jpg|256140
20220211_100953_006.jpg|256141
20220211_100953_007.jpg|256142
20220211_100953_008.jpg|256143
20220211_100953_009.jpg|256144
20220211_100953_010.jpg|256145
20220211_100953_011.jpg|256146
20220211_100953_012.jpg|256147
20220211_100953_013.jpg|256148
20220211_100953_014.jpg|256149
20220211_100953_015.jpg|256150
20220211_100953_016.jpg|256151
20220211_100953_017.jpg|256152
20220211_100953_018.jpg|256153
20220211_100953_019.jpg|256154
20220211_100953_020.jpg|256155
20220211_100953_021.jpg|256156
20220211_100953_022.jpg|256157
20220211_100953_023.jpg|256158
20220211_100953_024.jpg|256159
20220211_100953_025.jpg|256160
20220211_100953_026.jpg|256161
20220211_100953_027.jpg|256162
20220211_100953_028.jpg|256163
20220211_100953_029.jpg|256164
20220211_100953_030.jpg|256165
20220211_101001_001.jpg|256166
20220211_101001_002.jpg|256167
20220211_101001_003.jpg|256168
20220211_101001_004.jpg|256169
20220211_101001_005.jpg|256170
20220211_101001_006.jpg|256171
20220211_101001_007.jpg|256172
20220211_101001_008.jpg|256173
20220211_101001_009.jpg|256174
20220211_101001_010.jpg|256175
20220211_101001_011.jpg|256176
20220211_101001_012.jpg|256177
20220211_101001_013.jpg|256178
20220211_101001_014.jpg|256179
20220211_101001_015.jpg|256180
20220211_101001_016.jpg|256181
20220211_101001_017.jpg|256182
20220211_101001_018.jpg|256183
20220211_101001_019.jpg|256184
20220211_101001_020.jpg|256185
20220211_101001_020_01.jpg|256186
20220211_101001_020_02.jpg|256187
20220211_101001_021.jpg|256188
20220211_101001_022.jpg|256189
20220211_101001_023.jpg|256190
20220211_101001_024.jpg|256191
20220211_101001_025.jpg|256192
20220211_101001_026.jpg|256193
20220211_101001_027.jpg|256194
20220211_101001_028.jpg|256195
20220211_101001_029.jpg|256196
20220211_101007_001.jpg|256197
20220211_101108_001.jpg|256198
20220213_133105.jpg|256199
20220213_133122.jpg|256200
20220219_211429_001.jpg|256201
20220219_211429_002.jpg|256202
20220219_211429_003.jpg|256203
20220219_211429_004.jpg|256204
20220219_211429_005.jpg|256205
20220219_211429_006.jpg|256206
20220219_211429_007.jpg|256207
20220219_211429_008.jpg|256208
20220219_211429_009.jpg|256209
20220219_211429_010.jpg|256210
20220219_211429_011.jpg|256211
20220219_211429_012.jpg|256212
20220219_211429_013.jpg|256213
20220219_211429_014.jpg|256214
20220219_211429_015.jpg|256215
20220219_211429_016.jpg|256216
20220219_211429_017.jpg|256217
20220219_211429_018.jpg|256218
20220219_211429_019.jpg|256219
20220219_211429_020.jpg|256220
20220219_211429_021.jpg|256221
20220219_211429_021_01.jpg|256222
20220219_211429_021_02.jpg|256223
20220406_183205.jpg|256224
20220406_183305.jpg|256225
20220416_221211.jpg|256226
20220417_124051.jpg|256227
20220429_210759.jpg|256228
20220518_081947.jpg|256229
20220522_192647.jpg|256230
20220524_235517.jpg|256231
20220530_143735.jpg|256232
20220607_151417.jpg|256233
20220610_155749.mp4|256234
20220610_155801.mp4|256235
20220612_165727.jpg|256236
20220619_160554.jpg|256237
20220621_215532.jpg|256238
20220622_110119.jpg|256239
20220629_214938.jpg|256240
20220703_152832.jpg|256241
20220703_185955.jpg|256242
20220704_232107.jpg|256243
20220728_155303.jpg|256244
20220803_225946.jpg|256245
20220806_114913.jpg|256246
20220806_114918.jpg|256247
20220806_114922.jpg|256248
20220806_115541.jpg|256249
20220806_115753.jpg|256250
20220806_115756.jpg|256251
20220810_161852.jpg|256252
20220811_134818.jpg|256253
20220820_131147.jpg|256254
20220826_143338.jpg|256255
20220904_130406.jpg|256256
20220906_153913.jpg|256257
20220911_225200.jpg|256258
20220911_225414.jpg|256259
20220911_225434.jpg|256260
20220911_225453.jpg|256261
20220911_225505.jpg|256262
20220913_082748.jpg|256263
20220917_192941.jpg|256264
20220917_192956.jpg|256265
20220922_180528.jpg|256266
20220922_180553.jpg|256267
20220922_180603.jpg|256268
20220922_180616.jpg|256269
20220922_180626.jpg|256270
20220923_164645.jpg|256271
20220923_164653.jpg|256272
20220928_193438.jpg|256273
20220928_193534.jpg|256274
20220928_193553.jpg|256275
20220928_193600.jpg|256276
20220928_193612.jpg|256277
20220928_193618.jpg|256278
20220928_193635.jpg|256279
20220928_193641.jpg|256280
20221004_144204.jpg|256281
20221004_144206.jpg|256282
20221004_144209.jpg|256283
20221006_140102.jpg|256284
20221006_230135.jpg|256285
20221006_230139.jpg|256286
20221006_230147.jpg|256287
20221009_155626.jpg|256288
20221009_155752.jpg|256289
20221010_132111.jpg|256290
20221010_132137.jpg|256291
20221011_212310.jpg|256292
20221011_212318.jpg|256293
20221013_225450.jpg|256294
20221013_225505.jpg|256295
20221013_225525.jpg|256296
20221015_184227.jpg|256297
20221016_141853.jpg|256298
20221016_142058.jpg|256299
20221016_153617.jpg|256300
20221016_153646.jpg|256301
20221016_164325.jpg|256302
20221016_164459.jpg|256303
20221016_164501.jpg|256304
20221016_164656.jpg|256305
20221016_164707_001.jpg|256306
20221016_164712.jpg|256307
20221016_164722.jpg|256308
20221016_170746.jpg|256309
20221016_170753.jpg|256310
20221016_170805.jpg|256311
20221016_171430.jpg|256312
20221016_171448.jpg|256313
20221017_064229.jpg|256314
20221017_102317.jpg|256315
20221017_102328.jpg|256316
20221017_102351.jpg|256317
20221017_110238.jpg|256318
20221017_110500.jpg|256319
20221017_110831.jpg|256320
20221017_111156.jpg|256321
20221017_111205.jpg|256322
20221017_111207.jpg|256323
20221017_111216.jpg|256324
20221017_111226.jpg|256325
20221017_111253.jpg|256326
20221017_111255.jpg|256327
20221017_111258.jpg|256328
20221017_111305.jpg|256329
20221017_111308.jpg|256330
20221017_111314.jpg|256331
20221017_111323.jpg|256332
20221017_111521.jpg|256333
20221017_111530.jpg|256334
20221017_111638.jpg|256335
20221017_111651.jpg|256336
20221017_111744.jpg|256337
20221017_111828.jpg|256338
20221017_111843.jpg|256339
20221017_111857.jpg|256340
20221017_111907.jpg|256341
20221017_112055.jpg|256342
20221017_112059.jpg|256343
20221017_112133.jpg|256344
20221017_112136.jpg|256345
20221017_112139.jpg|256346
20221017_112423.jpg|256347
20221017_112507.jpg|256348
20221017_114120.jpg|256349
20221017_114131.jpg|256350
20221017_114141.jpg|256351
20221017_114147.jpg|256352
20221017_115818.jpg|256353
20221017_120450.jpg|256354
20221017_120455.jpg|256355
20221017_120458.jpg|256356
20221017_121054.jpg|256357
20221017_121057.jpg|256358
20221017_121100.jpg|256359
20221017_121103.jpg|256360
20221017_132418.jpg|256361
20221017_140303.jpg|256362
20221017_140335.jpg|256363
20221017_140338.jpg|256364
20221017_140350.jpg|256365
20221017_140400.jpg|256366
20221017_141427.jpg|256367
20221017_141431.jpg|256368
20221017_141534.jpg|256369
20221017_141551.jpg|256370
20221017_141615.jpg|256371
20221017_141645.jpg|256372
20221017_141646.jpg|256373
20221017_141717.jpg|256374
20221017_141815.jpg|256375
20221017_141932.jpg|256376
20221017_141943.jpg|256377
20221017_142113.jpg|256378
20221018_093929.jpg|256379
20221018_110235.jpg|256380
20221018_110236.jpg|256381
20221018_110244.jpg|256382
20221018_110608.jpg|256383
20221018_110805_001.jpg|256384
20221018_110807.jpg|256385
20221018_110815.jpg|256386
20221018_110818.jpg|256387
20221018_110959.jpg|256388
20221018_111006.jpg|256389
20221018_111008.jpg|256390
20221018_111014.jpg|256391
20221018_111017.jpg|256392
20221018_111026.jpg|256393
20221018_111027.jpg|256394
20221018_111034.jpg|256395
20221018_111037.jpg|256396
20221018_111041.jpg|256397
20221018_111310.jpg|256398
20221018_111418.jpg|256399
20221018_111432.jpg|256400
20221018_111813.jpg|256401
20221018_111917.jpg|256402
20221018_112004.jpg|256403
20221018_112443.jpg|256404
20221018_112447.jpg|256405
20221018_112450.jpg|256406
20221018_112648.jpg|256407
20221018_112657.jpg|256408
20221018_112712.jpg|256409
20221018_113744.jpg|256410
20221018_113745(0).jpg|256411
20221018_113745.jpg|256412
20221018_113746.jpg|256413
20221018_151931.jpg|256414
20221018_151935.jpg|256415
20221018_151949.jpg|256416
20221018_152049.jpg|256417
20221018_152058.jpg|256418
20221018_152149.jpg|256419
20221018_152405.jpg|256420
20221018_152415.jpg|256421
20221018_152417.jpg|256422
20221018_152424.jpg|256423
20221018_152429.jpg|256424
20221018_152453.jpg|256425
20221018_152508.jpg|256426
20221018_152516.jpg|256427
20221018_152529.jpg|256428
20221018_152747.jpg|256429
20221018_152754.jpg|256430
20221018_154454.jpg|256431
20221018_160013.jpg|256432
20221018_162849.jpg|256433
20221018_163627.jpg|256434
20221018_163914.jpg|256435
20221018_163926.jpg|256436
20221019_103937.jpg|256437
20221019_104258.jpg|256438
20221019_165139.jpg|256439
20221019_165155.jpg|256440
20221019_172005.jpg|256441
20221020_230307.jpg|256442
20221020_230333.jpg|256443
20221020_230355.jpg|256444
20221022_094029.jpg|256445
20221022_183809.jpg|256446
20221024_222959.jpg|256447
20221024_223016.jpg|256448
20221025_165611.jpg|256449
20221025_165626.jpg|256450
20221025_165635.jpg|256451
20221027_230000.jpg|256452
20221027_230019.jpg|256453
20221027_230039.jpg|256454
20221030_124919.jpg|256455
20221030_124923.jpg|256456
20221031_133644.jpg|256457
20221031_134527.jpg|256458
20221031_134554.jpg|256459
20221031_134837.jpg|256460
20221031_134859.jpg|256461
20221031_134935.jpg|256462
20221031_134938.jpg|256463
20221031_134958.mp4|256464
20221031_135624.jpg|256465
20221031_135723.jpg|256466
20221031_135907.jpg|256467
20221031_135931.jpg|256468
20221031_140036.jpg|256469
20221031_140150.jpg|256470
20221031_140156.jpg|256471
20221031_140308.jpg|256472
20221031_140350.jpg|256473
20221031_140447.jpg|256474
20221031_140542.jpg|256475
20221031_140625.jpg|256476
20221031_140626(0).jpg|256477
20221031_140626.jpg|256478
20221031_140627.jpg|256479
20221031_140841.jpg|256480
20221101_202945.jpg|256481
20221101_202958.jpg|256482
20221101_203527.jpg|256483
20221101_203537.jpg|256484
20221103_230105.jpg|256485
20221103_230145.jpg|256486
20221103_230156.jpg|256487
20221105_183920.jpg|256488
20221107_225815.jpg|256489
20221107_225832.jpg|256490
20221108_195111.jpg|256491
20221108_195124.jpg|256492
20221108_195144.jpg|256493
20221108_200005.jpg|256494
20221108_200032.jpg|256495
20221108_200151.jpg|256496
20221108_200228.jpg|256497
20221108_200256.jpg|256498
20221108_200513.jpg|256499
20221110_211423.jpg|256500
20221110_225758.jpg|256501
20221110_225812.jpg|256502
20221110_225834.jpg|256503
20221112_184746.jpg|256504
20221116_215902.jpg|256505
20221116_215918.jpg|256506
20221117_225511.jpg|256507
20221117_225531.jpg|256508
20221117_225541.jpg|256509
20221119_182910.jpg|256510
20221123_220631.jpg|256511
20221123_220650.jpg|256512
20221124_225918.jpg|256513
20221124_225928.jpg|256514
20221124_225940.jpg|256515
20221129_172202.jpg|256516
20221129_172208.jpg|256517
20221130_223955.jpg|256518
20221130_224001.jpg|256519
20221201_225856.jpg|256520
20221201_225904.jpg|256521
20221201_225908.jpg|256522
20221217_182615.jpg|256523
20221220_230358.jpg|256524
20221220_230408.jpg|256525
20221220_230953.jpg|256526
20221220_231002.jpg|256527
20221223_141814.jpg|256528
20221223_141823.jpg|256529
20221223_142054.jpg|256530
20221223_142059.jpg|256531
20221223_142105.jpg|256532
20221223_142110.jpg|256533
20221223_142116.jpg|256534
20221223_142121.jpg|256535
20221223_142128.jpg|256536
20221223_142134.jpg|256537
20221223_142337.jpg|256538
20221223_142342.jpg|256539
20221223_142347.jpg|256540
20221223_142351.jpg|256541
20221223_142355.jpg|256542
20221223_142359.jpg|256543
20221223_142405.jpg|256544
20221224_183945.jpg|256545
20221225_175823.jpg|256546
20221230_214501.jpg|256547
20221230_214533.jpg|256548
20221231_182536.jpg|256549
20230403_220226.jpg|256963
20230403_220229.jpg|256964
20220211_100825_001.jpg|257082
20220211_100825_002.jpg|257083
20220211_100825_003.jpg|257084
20220211_100825_004.jpg|257085
20220211_100825_005.jpg|257086
20221006_140127.jpg|257087
Screenshot_20220404-193153_CLASSUM.jpg|258313
Screenshot_20220404-193154_CLASSUM.jpg|258314
Screenshot_20220404-193155_CLASSUM.jpg|258315
Screenshot_20220404-193157_CLASSUM.jpg|258316
Screenshot_20220404-193158_CLASSUM.jpg|258317
Screenshot_20220404-193201_One UI Home.jpg|258318
Screenshot_20220404-193202_One UI Home.jpg|258319
Screenshot_20220404-193203_One UI Home.jpg|258320
Screenshot_20220404-193247_CLASSUM.jpg|258321
Screenshot_20220404-193302_CLASSUM.jpg|258322
Screenshot_20220404-193303_CLASSUM.jpg|258323
Screenshot_20220404-193308_CLASSUM.jpg|258324
Screenshot_20220404-193314_CLASSUM(1).jpg|258325
Screenshot_20220404-193314_CLASSUM.jpg|258326
Screenshot_20220404-193317_CLASSUM.jpg|258327
Screenshot_20220504-194528_YouTube.jpg|258328
Screenshot_20220527-184639_One UI Home.jpg|258329
Screenshot_20220606-143013_One UI Home.jpg|258330
Screenshot_20220611-180332_YouTube.jpg|258331
Screenshot_20220621-221717_Discord.jpg|258332
Screenshot_20220714-231112_Gmail.jpg|258333
Screenshot_20220714-231123_Gmail.jpg|258334
Screenshot_20220714-231125_Gmail.jpg|258335
Screenshot_20220714-231131_Gmail.jpg|258336
Screenshot_20220716-100430_Gmail.jpg|258337
Screenshot_20220902-170231_One UI Home.jpg|258338
Screenshot_20221031-142905_KakaoTalk.jpg|258339
Screenshot_20221119-084725_Office Reader.jpg|258340
Screenshot_20221208-141642_Steam.jpg|258341
Screenshot_20221208-201811_Messages.jpg|258342
Screenshot_20221208-204947_Messages.jpg|258343
Screenshot_20251208_202223_Xodo.jpg|258652
20220125_201026.jpg|258683
20220125_201303.jpg|258684
20220125_201441.jpg|258685
20220125_201616.jpg|258686
20220125_201734.jpg|258687
20220125_202258.jpg|258688
20220125_202508.jpg|258689
20220125_202522.jpg|258690
20220125_202952.jpg|258691
20220125_203434.jpg|258692
20220125_203857.jpg|258693
20220125_204217.jpg|258694
20220125_204524.jpg|258695
20220125_204725.jpg|258696
20220125_205124.jpg|258697
20220125_205234.jpg|258698
20220125_205448.jpg|258699
20220125_205724.jpg|258700
20220125_210004.jpg|258701
20220125_212554.jpg|258702
20220125_212713.jpg|258703
20220125_212855.jpg|258704
20220125_213629.jpg|258705
20220125_213808.jpg|258706
20220928_152933.jpg|258708
2025-04-10-202225.png|258897
icon452.ico|262022
HOffice2022|263844
HOffice2022_Delete.exe|263879
Microsoft.Web.Infrastructure.dll|272022
WaterSystem2022-2.png|280851
Upgrading-from-2022.1-to-2022.2.md|281184
Upgrading-from-2021.2-to-2022.1.md|281323
Upgrading-from-2022.2-to-2023.1.md|281467
CameraPositionSettings.cs.meta|282022
QuestionnaireEditor.cs.meta|292022
d5a8c5ac7c4677022022708788b79550|301390
566fc4620f980a1ac63dd567d9fa9171|302022
7cf434dd34167a0e1fe2022a6648deef|302847
d65b66a23dd54720220fa9e23fd39c7f|306696
7cf434dd34167a0e1fe2022a6648deef|307549
54b7f727172022f92a0cfaaf41f9901f|307725
7cf434dd34167a0e1fe2022a6648deef|311735
88de20a2c60051e74d1086b9b77a1efc|312022
iso2022_jp_ext.py|315666
iso2022_kr.py|315669
iso2022_jp_2004.py|315689
iso2022_jp_3.py|315702
iso2022_jp_2.py|315713
iso2022_jp.py|315716
iso2022_jp_1.py|315728
_codecs_iso2022.cpython-311-x86_64-linux-gnu.so|316730
query.dll|320220
qwave.dll|320221
rasapi16.dll|320222
rasapi32.dll|320223
rasdlg.dll|320224
reg.exe|320225
regapi.dll|320226
regedit.exe|320227
regini.exe|320228
regsvr32.exe|320229
objects|322022
es2022.array.js|325367
es2022.error.js|325368
es2022.full.js|325369
es2022.intl.js|325370
es2022.js|325371
es2022.object.js|325372
es2022.regexp.js|325373
es2022.string.js|325374
es2022.array.d.ts.map|325477
es2022.d.ts.map|325478
es2022.error.d.ts.map|325479
es2022.full.d.ts.map|325480
es2022.intl.d.ts.map|325481
es2022.object.d.ts.map|325482
es2022.regexp.d.ts.map|325483
es2022.string.d.ts.map|325484
es2022.array.d.ts|325587
es2022.d.ts|325588
es2022.error.d.ts|325589
es2022.full.d.ts|325590
es2022.intl.d.ts|325591
es2022.object.d.ts|325592
es2022.regexp.d.ts|325593
es2022.string.d.ts|325594
dom-manip-convenience.js|332022
2022.js|333823
2022|335071
es2022.js|336317
lib.es2022.array.d.ts|340075
lib.es2022.d.ts|340076
lib.es2022.error.d.ts|340077
lib.es2022.full.d.ts|340078
lib.es2022.intl.d.ts|340079
lib.es2022.object.d.ts|340080
lib.es2022.regexp.d.ts|340081
lib.es2022.string.d.ts|340082
package.json|342022
8f3f708895492b4738ba662022e15b3097e3c5|350867
9d|352022
9b8e11a356ad33e20227936f3dcc53b9b19bf2|352055
use-keypress.d.ts|362022
iso2022.js|362877
iso2022.js.map|362884
iso2022.d.ts|362891
lib.es2022.array.d.ts|370361
lib.es2022.d.ts|370362
lib.es2022.error.d.ts|370363
lib.es2022.full.d.ts|370364
lib.es2022.intl.d.ts|370365
lib.es2022.object.d.ts|370366
lib.es2022.regexp.d.ts|370367
lib.es2022.string.d.ts|370368
Object.getPrototypeOf.d.ts|372022
2022.js|372103
2022|373351
es2022.js|374597
lib.es2022.array.d.ts|376172
lib.es2022.d.ts|376173
lib.es2022.error.d.ts|376174
lib.es2022.full.d.ts|376175
lib.es2022.intl.d.ts|376176
lib.es2022.object.d.ts|376177
lib.es2022.regexp.d.ts|376178
lib.es2022.string.d.ts|376179
slack.svg|382022
VC2022|385444
vs2022|389113
vs2022-clang|389161
constant.TCSETXF.html|392022
constant.LINUX_REBOOT_CMD_KEXEC.html|402022
unist|412022
log10.js|420220
log1p.js|420221
log2.js|420222
rad-per-deg.js|420223
radians.js|420224
scale.js|420225
seeded-prng.js|420226
sign.js|420227
signbit.js|420228
sinh.js|420229
string-width|422022
minify-font.js|432022
lib.es2022.array.d.ts|434619
lib.es2022.d.ts|434620
lib.es2022.error.d.ts|434621
lib.es2022.full.d.ts|434622
lib.es2022.intl.d.ts|434623
lib.es2022.object.d.ts|434624
lib.es2022.regexp.d.ts|434625
lib.es2022.string.d.ts|434626
index.d.ts|442022
endsWith.js|452022
es2022.js|457132
es2022.js.map|457149
es2022.d.ts|457166
es2022.array.js|458431
es2022.error.js|458432
es2022.full.js|458433
es2022.intl.js|458434
es2022.js|458435
es2022.object.js|458436
es2022.regexp.js|458437
es2022.sharedmemory.js|458438
es2022.string.js|458439
es2022.array.d.ts.map|458578
es2022.array.js.map|458579
es2022.d.ts.map|458580
es2022.error.d.ts.map|458581
es2022.error.js.map|458582
es2022.full.d.ts.map|458583
es2022.full.js.map|458584
es2022.intl.d.ts.map|458585
es2022.intl.js.map|458586
es2022.js.map|458587
es2022.object.d.ts.map|458588
es2022.object.js.map|458589
es2022.regexp.d.ts.map|458590
es2022.regexp.js.map|458591
es2022.sharedmemory.d.ts.map|458592
es2022.sharedmemory.js.map|458593
es2022.string.d.ts.map|458594
es2022.string.js.map|458595
es2022.array.d.ts|458704
es2022.d.ts|458705
es2022.error.d.ts|458706
es2022.full.d.ts|458707
es2022.intl.d.ts|458708
es2022.object.d.ts|458709
es2022.regexp.d.ts|458710
es2022.sharedmemory.d.ts|458711
es2022.string.d.ts|458712
lib.es2022.array.d.ts|459642
lib.es2022.d.ts|459643
lib.es2022.error.d.ts|459644
lib.es2022.full.d.ts|459645
lib.es2022.intl.d.ts|459646
lib.es2022.object.d.ts|459647
lib.es2022.regexp.d.ts|459648
lib.es2022.sharedmemory.d.ts|459649
lib.es2022.string.d.ts|459650
source-map.d.ts|462022
es2022.array.js|462946
es2022.error.js|462947
es2022.full.js|462948
es2022.intl.js|462949
es2022.js|462950
es2022.object.js|462951
es2022.regexp.js|462952
es2022.sharedmemory.js|462953
es2022.string.js|462954
es2022.array.d.ts.map|463087
es2022.array.js.map|463088
es2022.d.ts.map|463089
es2022.error.d.ts.map|463090
es2022.error.js.map|463091
es2022.full.d.ts.map|463092
es2022.full.js.map|463093
es2022.intl.d.ts.map|463094
es2022.intl.js.map|463095
es2022.js.map|463096
es2022.object.d.ts.map|463097
es2022.object.js.map|463098
es2022.regexp.d.ts.map|463099
es2022.regexp.js.map|463100
es2022.sharedmemory.d.ts.map|463101
es2022.sharedmemory.js.map|463102
es2022.string.d.ts.map|463103
es2022.string.js.map|463104
es2022.array.d.ts|463204
es2022.d.ts|463205
es2022.error.d.ts|463206
es2022.full.d.ts|463207
es2022.intl.d.ts|463208
es2022.object.d.ts|463209
es2022.regexp.d.ts|463210
es2022.sharedmemory.d.ts|463211
es2022.string.d.ts|463212
array-union|472022
out-1772.png|482022
out-2022.png|482231
b9e226399185202279f7030d435ff437|491126
OneHalfLight|492022
bytes|502022
iso-2022-jp.js|504383
iso-2022-jp.js|504405
__snapshots__|512022
remote_store.d.ts|520220
remote_syncer.d.ts|520221
rest_connection.d.ts|520222
rpc_error.d.ts|520223
serializer.d.ts|520224
stream_bridge.d.ts|520225
watch_change.d.ts|520226
protos|520227
firestore_bundle_proto.d.ts|520228
firestore_proto_api.d.ts|520229
GetServersRequest.js|522022
iso2022.js|530509
vendors.json|532022
es2022.js|539067
2022|540366
2022.js|541246
waitUntil.d.ts|542022
cdn.js|552022
safe-string.js|562022
UnsubscriptionError.js|572022
lib.es2022.array.d.ts|574105
lib.es2022.d.ts|574106
lib.es2022.error.d.ts|574107
lib.es2022.full.d.ts|574108
lib.es2022.intl.d.ts|574109
lib.es2022.object.d.ts|574110
lib.es2022.regexp.d.ts|574111
lib.es2022.sharedmemory.d.ts|574112
lib.es2022.string.d.ts|574113
README.md|582022
es2022.array.js|587088
es2022.error.js|587089
es2022.full.js|587090
es2022.intl.js|587091
es2022.js|587092
es2022.object.js|587093
es2022.regexp.js|587094
es2022.sharedmemory.js|587095
es2022.string.js|587096
es2022.array.d.ts.map|587243
es2022.array.js.map|587244
es2022.d.ts.map|587245
es2022.error.d.ts.map|587246
es2022.error.js.map|587247
es2022.full.d.ts.map|587248
es2022.full.js.map|587249
es2022.intl.d.ts.map|587250
es2022.intl.js.map|587251
es2022.js.map|587252
es2022.object.d.ts.map|587253
es2022.object.js.map|587254
es2022.regexp.d.ts.map|587255
es2022.regexp.js.map|587256
es2022.sharedmemory.d.ts.map|587257
es2022.sharedmemory.js.map|587258
es2022.string.d.ts.map|587259
es2022.string.js.map|587260
es2022.array.d.ts|587379
es2022.d.ts|587380
es2022.error.d.ts|587381
es2022.full.d.ts|587382
es2022.intl.d.ts|587383
es2022.object.d.ts|587384
es2022.regexp.d.ts|587385
es2022.sharedmemory.d.ts|587386
es2022.string.d.ts|587387
es2022.array.js|587982
es2022.error.js|587983
es2022.full.js|587984
es2022.intl.js|587985
es2022.js|587986
es2022.object.js|587987
es2022.regexp.js|587988
es2022.sharedmemory.js|587989
es2022.string.js|587990
es2022.array.d.ts.map|588137
es2022.array.js.map|588138
es2022.d.ts.map|588139
es2022.error.d.ts.map|588140
es2022.error.js.map|588141
es2022.full.d.ts.map|588142
es2022.full.js.map|588143
es2022.intl.d.ts.map|588144
es2022.intl.js.map|588145
es2022.js.map|588146
es2022.object.d.ts.map|588147
es2022.object.js.map|588148
es2022.regexp.d.ts.map|588149
es2022.regexp.js.map|588150
es2022.sharedmemory.d.ts.map|588151
es2022.sharedmemory.js.map|588152
es2022.string.d.ts.map|588153
es2022.string.js.map|588154
es2022.array.d.ts|588273
es2022.d.ts|588274
es2022.error.d.ts|588275
es2022.full.d.ts|588276
es2022.intl.d.ts|588277
es2022.object.d.ts|588278
es2022.regexp.d.ts|588279
es2022.sharedmemory.d.ts|588280
es2022.string.d.ts|588281
index.d.ts|592022
index.node.d.ts|602022
x117y104.txt|612022
chunk-7CK335QF.mjs|620220
chunk-7FEECGX2.mjs|620221
chunk-7HLV4IKC.mjs|620222
chunk-7L34E5AA.mjs|620223
chunk-7MFDPI6R.mjs|620224
chunk-7PYIL73X.mjs|620225
chunk-7V37P5BW.mjs|620226
chunk-7YRN6BJE.mjs|620227
chunk-A3P3XB5I.mjs|620228
chunk-A4N66W6R.mjs|620229
use-sidecar|622022
es2022.js|630744
es2022.js.map|630761
es2022.d.ts|630778
es2021.js|632022
es2022.array.js|632026
es2022.error.js|632027
es2022.full.js|632028
es2022.intl.js|632029
es2022.js|632030
es2022.object.js|632031
es2022.regexp.js|632032
es2022.sharedmemory.js|632033
es2022.string.js|632034
es2022.array.d.ts.map|632173
es2022.array.js.map|632174
es2022.d.ts.map|632175
es2022.error.d.ts.map|632176
es2022.error.js.map|632177
es2022.full.d.ts.map|632178
es2022.full.js.map|632179
es2022.intl.d.ts.map|632180
es2022.intl.js.map|632181
es2022.js.map|632182
es2022.object.d.ts.map|632183
es2022.object.js.map|632184
es2022.regexp.d.ts.map|632185
es2022.regexp.js.map|632186
es2022.sharedmemory.d.ts.map|632187
es2022.sharedmemory.js.map|632188
es2022.string.d.ts.map|632189
es2022.string.js.map|632190
es2022.array.d.ts|632299
es2022.d.ts|632300
es2022.error.d.ts|632301
es2022.full.d.ts|632302
es2022.intl.d.ts|632303
es2022.object.d.ts|632304
es2022.regexp.d.ts|632305
es2022.sharedmemory.d.ts|632306
es2022.string.d.ts|632307
lib.es2022.array.d.ts|633579
lib.es2022.d.ts|633580
lib.es2022.error.d.ts|633581
lib.es2022.full.d.ts|633582
lib.es2022.intl.d.ts|633583
lib.es2022.object.d.ts|633584
lib.es2022.regexp.d.ts|633585
lib.es2022.sharedmemory.d.ts|633586
lib.es2022.string.d.ts|633587
es2022.array.js|636487
es2022.error.js|636488
es2022.full.js|636489
es2022.intl.js|636490
es2022.js|636491
es2022.object.js|636492
es2022.regexp.js|636493
es2022.sharedmemory.js|636494
es2022.string.js|636495
es2022.array.d.ts.map|636628
es2022.array.js.map|636629
es2022.d.ts.map|636630
es2022.error.d.ts.map|636631
es2022.error.js.map|636632
es2022.full.d.ts.map|636633
es2022.full.js.map|636634
es2022.intl.d.ts.map|636635
es2022.intl.js.map|636636
es2022.js.map|636637
es2022.object.d.ts.map|636638
es2022.object.js.map|636639
es2022.regexp.d.ts.map|636640
es2022.regexp.js.map|636641
es2022.sharedmemory.d.ts.map|636642
es2022.sharedmemory.js.map|636643
es2022.string.d.ts.map|636644
es2022.string.js.map|636645
es2022.array.d.ts|636745
es2022.d.ts|636746
es2022.error.d.ts|636747
es2022.full.d.ts|636748
es2022.intl.d.ts|636749
es2022.object.d.ts|636750
es2022.regexp.d.ts|636751
es2022.sharedmemory.d.ts|636752
es2022.string.d.ts|636753
set-optional.d.ts|642022
kiwi-talk-app-d369ebd15d357081|652022
lib.es2022.array.d.ts|653065
lib.es2022.d.ts|653066
lib.es2022.error.d.ts|653067
lib.es2022.full.d.ts|653068
lib.es2022.intl.d.ts|653069
lib.es2022.object.d.ts|653070
lib.es2022.regexp.d.ts|653071
lib.es2022.sharedmemory.d.ts|653072
lib.es2022.string.d.ts|653073
IconDeviceDesktopCog.mjs|662022
device-imac-bolt.svg|672022
tailwindcss-animate@1.0.7_tailwindcss@3.4.13|682022
lib.es2022.array.d.ts|684123
lib.es2022.d.ts|684124
lib.es2022.error.d.ts|684125
lib.es2022.full.d.ts|684126
lib.es2022.intl.d.ts|684127
lib.es2022.object.d.ts|684128
lib.es2022.regexp.d.ts|684129
lib.es2022.sharedmemory.d.ts|684130
lib.es2022.string.d.ts|684131
invoked.timestamp|692022
lib.es2022.array.d.ts|696294
lib.es2022.d.ts|696295
lib.es2022.error.d.ts|696296
lib.es2022.full.d.ts|696297
lib.es2022.intl.d.ts|696298
lib.es2022.object.d.ts|696299
lib.es2022.regexp.d.ts|696300
lib.es2022.sharedmemory.d.ts|696301
lib.es2022.string.d.ts|696302
lib.es2022.array.d.ts|696754
lib.es2022.d.ts|696755
lib.es2022.error.d.ts|696756
lib.es2022.full.d.ts|696757
lib.es2022.intl.d.ts|696758
lib.es2022.object.d.ts|696759
lib.es2022.regexp.d.ts|696760
lib.es2022.sharedmemory.d.ts|696761
lib.es2022.string.d.ts|696762
EventModifier.idl|702022
href-iso-2022-jp-url-encoding.txt|706585
href-iso-2022-jp-url-encoding.html|709430
019.html|712022
vcpkg.json|720220
nnpack|720221
fix-cmakelists.patch|720222
portfile.cmake|720223
vcpkg.json|720224
node-addon-api|720225
portfile.cmake|720226
vcpkg.json|720227
unofficial-node-addon-api-config.cmake|720228
usage|720229
refl-cpp|722022
011-TBB-2022.patch|723558
appwizard_setup.js-vs2022.patch|724123
EVP_CIPHER-DES.pod|732022
haproxy-protocol.md|742022
tjbenchtest.in|752022
drawutils.h|762022
dcadct.d|772022
csr2022.h|779480
csr2022.cpp|779851
ucnv2022.cpp|780057
en_MO.res|782022
gb18030-2022.cnv|782211
ucnv2022.d|785273
ucnv2022.o|785474
csr2022.d|785614
csr2022.o|785867
87f85d17d26f1fe9ad28d7365101958edaefb967.ttf|792022
VC2022|795033
VC2022|795148
VC2022|795200
VC2022|795466
VC2022|795573
VC2022|795625
VmaSample_Release_vs2022.exe|798769
Pixmap_scalePixels.cpp|802022
Ossfuzz29494.asm.frag|812022
ja.po|820220
ka.po|820221
ky.po|820222
lv.po|820223
ms.po|820224
mt.po|820225
nb.po|820226
nl.po|820227
nn.po|820228
pl.po|820229
unistr.in.h|822022
vs2022backend.py|828775
vs2022backend.py|829543
GrNonAtomicRef.h|832022
ipu3_rcb.svg|842022
intersil,isl12022.yaml|847550
metafmt-rkisp1.rst|852022
config.c|862022
boot-elf|872022
irqsrcs_gfx_9_0.h|882022
Makefile|892022
.modules.order.cmd|902022
rtc-isl12022.c|908926
imx-media-vdic.c|912022
r8a774c0-sysc.h|920220
r8a774e1-sysc.h|920221
r8a7779-sysc.h|920222
r8a7790-sysc.h|920223
r8a7791-sysc.h|920224
r8a7792-sysc.h|920225
r8a7793-sysc.h|920226
r8a7794-sysc.h|920227
r8a7795-sysc.h|920228
r8a7796-sysc.h|920229
qp.h|922022
nf_conntrack_irc.o|932022
dwarf-aux.h|942022
aW5u8pKqsumYj+UqhuhAf3ryKfE=|952022
classes|962022
es2022.array.js|970867
es2022.error.js|970868
es2022.full.js|970869
es2022.intl.js|970870
es2022.js|970871
es2022.object.js|970872
es2022.regexp.js|970873
es2022.sharedmemory.js|970874
es2022.string.js|970875
es2022.array.d.ts.map|971020
es2022.array.js.map|971021
es2022.d.ts.map|971022
es2022.error.d.ts.map|971023
es2022.error.js.map|971024
es2022.full.d.ts.map|971025
es2022.full.js.map|971026
es2022.intl.d.ts.map|971027
es2022.intl.js.map|971028
es2022.js.map|971029
es2022.object.d.ts.map|971030
es2022.object.js.map|971031
es2022.regexp.d.ts.map|971032
es2022.regexp.js.map|971033
es2022.sharedmemory.d.ts.map|971034
es2022.sharedmemory.js.map|971035
es2022.string.d.ts.map|971036
es2022.string.js.map|971037
es2022.array.d.ts|971152
es2022.d.ts|971153
es2022.error.d.ts|971154
es2022.full.d.ts|971155
es2022.intl.d.ts|971156
es2022.object.d.ts|971157
es2022.regexp.d.ts|971158
es2022.sharedmemory.d.ts|971159
es2022.string.d.ts|971160
_defaults.js|972022
2022.js|975132
2022|976381
es2022.js|977305
list-start.js|982022
lib.es2022.array.d.ts|985049
lib.es2022.d.ts|985050
lib.es2022.error.d.ts|985051
lib.es2022.full.d.ts|985052
lib.es2022.intl.d.ts|985053
lib.es2022.object.d.ts|985054
lib.es2022.regexp.d.ts|985055
lib.es2022.sharedmemory.d.ts|985056
lib.es2022.string.d.ts|985057
src|992022
s-hfaqijb4jw-0atjcku.lock|1002022
CMakeLists.txt|1012022
vlseg5e8.c|1020220
vlseg5e8ff.c|1020221
vlseg6e16.c|1020222
vlseg6e16ff.c|1020223
vlseg6e32.c|1020224
vlseg6e32ff.c|1020225
vlseg6e64.c|1020226
vlseg6e64ff.c|1020227
vlseg6e8.c|1020228
vlseg6e8ff.c|1020229
array-value-initialize.cpp|1022022
forward-declared-struct|1032022
legacy-implementation-1.m|1042022
VisualStudio2022.py|1049278
trailz.f90|1052022
identity.h|1062022
iterator.pass.cpp|1072022
RegisterInfoPOSIX_loongarch64.h|1082022
CSEMIRBuilder.h|1092022
atomic-ops-msvc.ll|1102022
vector-align-order.ll|1112022
mult-alt-generic-sparc.ll|1120220
multiple-div.ll|1120221
multiply-extension.ll|1120222
naked-fn-with-frame-pointer.ll|1120223
obj-relocs.ll|1120224
overflow-intrinsic-optimizations.ll|1120225
parts.ll|1120226
pic.ll|1120227
private.ll|1120228
readcycle.ll|1120229
vec-eswap-02.ll|1122022
link-arm-and-thumb.ll|1132022
dicompositetype-unique-alias.ll|1142022
2022-08-23-ScalableVectorArrayCrash.ll|1144169
2022-08-23-ScalableVectorCrash.ll|1144170
pr42022-inseltpoison.ll|1151737
pr42022.ll|1151738
vectorize-reorder-alt-shuffle.ll|1152022
CMakeLists.txt|1162022
mlir-reduce|1172022
output|1182022
t2022-include-tupfile-deleted.sh|1185293
ecd41e229c19d889a11afd0f1b1193220224c5|1189838
89239f1c67ea0a2022fff9e4f546ae460729bf|1190757
values-mr_values-mr.arsc.flat|1192022
56a0aa5c20223ac88aec659c60ea632cc75872|1200436
client|1202022
treegridRole.js|1202200
treeitemRole.js|1202201
treeRole.js|1202202
ariaAbstractRoles.js|1202203
ariaDpubRoles.js|1202204
ariaGraphicsRoles.js|1202205
ariaLiteralRoles.js|1202206
abstract|1202207
commandRole.js|1202208
compositeRole.js|1202209
inputRole.js|1202210
landmarkRole.js|1202211
rangeRole.js|1202212
roletypeRole.js|1202213
sectionheadRole.js|1202214
sectionRole.js|1202215
selectRole.js|1202216
structureRole.js|1202217
widgetRole.js|1202218
windowRole.js|1202219
dpub|1202220
docAbstractRole.js|1202221
docAcknowledgmentsRole.js|1202222
docAfterwordRole.js|1202223
docAppendixRole.js|1202224
docBacklinkRole.js|1202225
docBiblioentryRole.js|1202226
docBibliographyRole.js|1202227
docBibliorefRole.js|1202228
docChapterRole.js|1202229
docColophonRole.js|1202230
docConclusionRole.js|1202231
docCoverRole.js|1202232
docCreditRole.js|1202233
docCreditsRole.js|1202234
docDedicationRole.js|1202235
docEndnoteRole.js|1202236
docEndnotesRole.js|1202237
docEpigraphRole.js|1202238
docEpilogueRole.js|1202239
docErrataRole.js|1202240
docExampleRole.js|1202241
docFootnoteRole.js|1202242
docForewordRole.js|1202243
docGlossaryRole.js|1202244
docGlossrefRole.js|1202245
docIndexRole.js|1202246
docIntroductionRole.js|1202247
docNoterefRole.js|1202248
docNoticeRole.js|1202249
docPagebreakRole.js|1202250
docPagefooterRole.js|1202251
docPageheaderRole.js|1202252
docPagelistRole.js|1202253
docPartRole.js|1202254
docPrefaceRole.js|1202255
docPrologueRole.js|1202256
docPullquoteRole.js|1202257
docQnaRole.js|1202258
docSubtitleRole.js|1202259
docTipRole.js|1202260
docTocRole.js|1202261
graphics|1202262
graphicsDocumentRole.js|1202263
graphicsObjectRole.js|1202264
graphicsSymbolRole.js|1202265
ariaPropsMap.js|1202266
domMap.js|1202267
elementRoleMap.js|1202268
index.js|1202269
util|1202270
iterationDecorator.js|1202271
iteratorProxy.js|1202272
roleElementMap.js|1202273
rolesMap.js|1202274
package.json|1202275
README.md|1202276
axobject-query|1202277
LICENSE|1202278
lib|1202279
etc|1202280
objects|1202281
AbbrRole.js|1202282
AlertDialogRole.js|1202283
AlertRole.js|1202284
AnnotationRole.js|1202285
ApplicationRole.js|1202286
ArticleRole.js|1202287
AudioRole.js|1202288
BannerRole.js|1202289
BlockquoteRole.js|1202290
BusyIndicatorRole.js|1202291
ButtonRole.js|1202292
CanvasRole.js|1202293
CaptionRole.js|1202294
CellRole.js|1202295
CheckBoxRole.js|1202296
ColorWellRole.js|1202297
ColumnHeaderRole.js|1202298
ColumnRole.js|1202299
lib.es2022.array.d.ts|1204580
lib.es2022.d.ts|1204581
lib.es2022.error.d.ts|1204582
lib.es2022.full.d.ts|1204583
lib.es2022.intl.d.ts|1204584
lib.es2022.object.d.ts|1204585
lib.es2022.regexp.d.ts|1204586
lib.es2022.string.d.ts|1204587
problem_1037_page_84.html.trashinfo|1212022
%2fhome%2fquadratech%2f.local%2fshare%2fnvim%2flazy%2fblink.cmp%2flua%2fblink%2fcmp%2ffuzzy%2flua%2fmatch.luac|1220220
%2fhome%2fquadratech%2f.local%2fshare%2fnvim%2flazy%2fblink.cmp%2flua%2fblink%2fcmp%2ffuzzy%2flua%2fmatch_indices.luac|1220221
%2fhome%2fquadratech%2f.local%2fshare%2fnvim%2flazy%2fblink.cmp%2flua%2fblink%2fcmp%2ffuzzy%2flua%2fkeyword.luac|1220222
%2fhome%2fquadratech%2f.local%2fshare%2fnvim%2flazy%2fblink.cmp%2flua%2fblink%2fcmp%2ffuzzy%2flua%2fchar.luac|1220223
%2fhome%2fquadratech%2f.local%2fshare%2fnvim%2flazy%2fblink.cmp%2flua%2fblink%2fcmp%2flib%2fterm_events.luac|1220224
%2fhome%2fquadratech%2f.local%2fshare%2fnvim%2flazy%2fblink.cmp%2flua%2fblink%2fcmp%2fcommands.luac|1220225
%2fhome%2fquadratech%2f.local%2fshare%2fnvim%2flazy%2fsnacks.nvim%2flua%2fsnacks%2fexplorer%2factions.luac|1220226
%2fhome%2fquadratech%2f.local%2fshare%2fnvim%2flazy%2fsnacks.nvim%2flua%2fsnacks%2fexplorer%2fgit.luac|1220227
%2fhome%2fquadratech%2f.local%2fshare%2fnvim%2flazy%2fsnacks.nvim%2flua%2fsnacks%2fexplorer%2ftree.luac|1220228
%2fhome%2fquadratech%2f.local%2fshare%2fnvim%2flazy%2fsnacks.nvim%2flua%2fsnacks%2fbigfile.luac|1220229
b8467c308489e5af2d20220beb92b179.png|1220859
2bb7f521818e56b039724a860d442022.png|1221991
d6176ba6611c8811d08cbb302896d75a.png|1222022
QDBusConnectionInterface.1C30E2022BB9E8B4.idx|1226802
fa0c20aaf445b56002022853d7a87a5d168969|1227422
54edda6aa7862897cbeb1c02e0202267fceefc|1227699
grease_pencil|1232022
5acbcf866c561c959e2022f265786b99.cache|1235484
1e0e1947e1d1a3f02322022142fceda92bf5cfc1.qmlc|1237269
37e465b2b2f25d49d57e931c6748040f|1242022
HOUSE_OVERSIGHT_020227.jpg|1247102
HOUSE_OVERSIGHT_020228.jpg|1247103
HOUSE_OVERSIGHT_020229.jpg|1247104
HOUSE_OVERSIGHT_020220.jpg|1249651
HOUSE_OVERSIGHT_020221.jpg|1249652
HOUSE_OVERSIGHT_020222.jpg|1249653
HOUSE_OVERSIGHT_020223.jpg|1249654
HOUSE_OVERSIGHT_020224.jpg|1249655
HOUSE_OVERSIGHT_020225.jpg|1249656
HOUSE_OVERSIGHT_020226.jpg|1249657
HOUSE_OVERSIGHT_012022.jpg|1250401
HOUSE_OVERSIGHT_032022.jpg|1251530
HOUSE_OVERSIGHT_013391.jpg|1252022
HOUSE_OVERSIGHT_019009.jpg|1262022
HOUSE_OVERSIGHT_022022.jpg|1267190
HOUSE_OVERSIGHT_031796.txt|1272022
HOUSE_OVERSIGHT_012022.png|1274464
HOUSE_OVERSIGHT_019603.png|1282022
HOUSE_OVERSIGHT_020221.png|1282636
HOUSE_OVERSIGHT_020220.png|1282638
HOUSE_OVERSIGHT_020222.png|1282639
HOUSE_OVERSIGHT_020223.png|1282640
HOUSE_OVERSIGHT_020224.png|1282641
HOUSE_OVERSIGHT_020226.png|1282642
HOUSE_OVERSIGHT_020225.png|1282643
HOUSE_OVERSIGHT_020227.png|1282644
HOUSE_OVERSIGHT_020228.png|1282645
HOUSE_OVERSIGHT_020229.png|1282647
HOUSE_OVERSIGHT_022022.png|1284440
HOUSE_OVERSIGHT_029758.png|1292022
HOUSE_OVERSIGHT_032022.png|1294243
frame_2022.bmp|1297846
frame_6198.bmp|1302022
